2026-09-04 10:38:23.046 [restartedMain] INFO  qu.nothingless.MuquApplication - Starting MuquApplication using Java 25.0.1 with PID 22252 (C:\Shengde\Repo\MQ\muqu\target\classes started by yishe1 in C:\Shengde\Repo\MQ)
2026-09-04 10:38:23.048 [restartedMain] INFO  qu.nothingless.MuquApplication - The following 1 profile is active: "dev"
2026-09-04 10:38:23.367 [restartedMain] INFO  o.s.b.d.restart.ChangeableUrls - The Class-Path manifest attribute in C:\Shengde\maven-repo\com\oracle\database\jdbc\ojdbc11\23.9.0.25.07\ojdbc11-23.9.0.25.07.jar referenced one or more files that do not exist: file:/C:/Shengde/maven-repo/com/oracle/database/jdbc/ojdbc11/23.9.0.25.07/oraclepki.jar
2026-09-04 10:38:23.367 [restartedMain] INFO  o.s.b.d.e.DevToolsPropertyDefaultsPostProcessor - Devtools property defaults active! Set 'spring.devtools.add-properties' to 'false' to disable
2026-09-04 10:38:23.367 [restartedMain] INFO  o.s.b.d.e.DevToolsPropertyDefaultsPostProcessor - For additional web related logging consider setting the 'logging.level.web' property to 'DEBUG'
2026-09-04 10:38:26.318 [restartedMain] INFO  o.s.d.r.c.RepositoryConfigurationDelegate - Multiple Spring Data modules found, entering strict repository configuration mode
2026-09-04 10:38:26.322 [restartedMain] INFO  o.s.d.r.c.RepositoryConfigurationDelegate - Bootstrapping Spring Data Redis repositories in DEFAULT mode.
2026-09-04 10:38:26.386 [restartedMain] INFO  o.s.d.r.c.RepositoryConfigurationDelegate - Finished Spring Data repository scanning in 26 ms. Found 0 Redis repository interfaces.
2026-09-04 10:38:28.690 [restartedMain] INFO  o.s.boot.tomcat.TomcatWebServer - Tomcat initialized with port 8081 (http)
2026-09-04 10:38:28.712 [restartedMain] INFO  o.a.catalina.core.StandardService - Starting service [Tomcat]
2026-09-04 10:38:28.713 [restartedMain] INFO  o.a.catalina.core.StandardEngine - Starting Servlet engine: [Apache Tomcat/11.0.22]
2026-09-04 10:38:28.806 [restartedMain] INFO  o.s.b.w.c.s.WebApplicationContextInitializer - Root WebApplicationContext: initialization completed in 5437 ms
2026-09-04 10:38:29.299 [restartedMain] INFO  org.redisson.Version - Redisson 4.7.0
2026-09-04 10:38:30.024 [redisson-netty-1-5] INFO  o.r.connection.ConnectionsHolder - 1 connections initialized for localhost/127.0.0.1:5201
2026-09-04 10:38:30.191 [redisson-netty-1-20] INFO  o.r.connection.ConnectionsHolder - 24 connections initialized for localhost/127.0.0.1:5201
2026-09-04 10:38:31.803 [restartedMain] INFO  c.alibaba.druid.pool.DruidDataSource - {dataSource-1,master} inited
2026-09-04 10:38:31.805 [restartedMain] INFO  c.b.d.d.DynamicRoutingDataSource - dynamic-datasource - add a datasource named [master] success
2026-09-04 10:38:31.805 [restartedMain] INFO  c.b.d.d.DynamicRoutingDataSource - dynamic-datasource initial loaded [1] datasource,primary datasource named [master]
2026-09-04 10:38:32.458 [restartedMain] INFO  o.s.s.c.a.a.c.InitializeUserDetailsBeanManagerConfigurer$InitializeUserDetailsManagerConfigurer - Global AuthenticationManager configured with UserDetailsService bean with name customUserDetailsService
2026-09-04 10:38:33.469 [restartedMain] INFO  c.b.m.s.MybatisPlusApplicationContextAware - Register ApplicationContext instances org.springframework.boot.web.server.servlet.context.AnnotationConfigServletWebServerApplicationContext@15375fd1
2026-09-04 10:38:34.441 [restartedMain] INFO  o.s.s.q.SchedulerFactoryBean$LocalSchedulerFactory - Using default implementation for ThreadExecutor
2026-09-04 10:38:34.454 [restartedMain] INFO  o.quartz.core.SchedulerSignalerImpl - Initialized Scheduler Signaller of type: class org.quartz.core.SchedulerSignalerImpl
2026-09-04 10:38:34.455 [restartedMain] INFO  org.quartz.core.QuartzScheduler - Quartz Scheduler v2.5.2 created.
2026-09-04 10:38:34.456 [restartedMain] INFO  org.quartz.simpl.RAMJobStore - RAMJobStore initialized.
2026-09-04 10:38:34.457 [restartedMain] INFO  org.quartz.core.QuartzScheduler - Scheduler meta-data: Quartz Scheduler (v2.5.2) 'quartzScheduler' with instanceId 'NON_CLUSTERED'
  Scheduler class: 'org.quartz.core.QuartzScheduler' - running locally.
  NOT STARTED.
  Currently in standby mode.
  Number of jobs executed: 0
  Using thread pool 'org.quartz.simpl.SimpleThreadPool' - with 10 threads.
  Using job-store 'org.quartz.simpl.RAMJobStore' - which does not support persistence. and is not clustered.

2026-09-04 10:38:34.457 [restartedMain] INFO  o.s.s.q.SchedulerFactoryBean$LocalSchedulerFactory - Quartz scheduler 'quartzScheduler' initialized from an externally provided properties instance.
2026-09-04 10:38:34.458 [restartedMain] INFO  o.s.s.q.SchedulerFactoryBean$LocalSchedulerFactory - Quartz scheduler version: 2.5.2
2026-09-04 10:38:34.458 [restartedMain] INFO  org.quartz.core.QuartzScheduler - JobFactory set to: org.springframework.scheduling.quartz.SpringBeanJobFactory@76debe20
2026-09-04 10:38:34.972 [restartedMain] INFO  o.s.b.a.e.web.EndpointLinksResolver - Exposing 1 endpoint beneath base path '/actuator'
2026-09-04 10:38:35.111 [restartedMain] INFO  o.s.boot.tomcat.TomcatWebServer - Tomcat started on port 8081 (http) with context path '/'
2026-09-04 10:38:35.114 [restartedMain] INFO  o.s.s.quartz.SchedulerFactoryBean - Starting Quartz Scheduler now
2026-09-04 10:38:35.115 [restartedMain] INFO  org.quartz.core.QuartzScheduler - Scheduler quartzScheduler_$_NON_CLUSTERED started.
2026-09-04 10:38:35.131 [restartedMain] INFO  qu.nothingless.MuquApplication - Started MuquApplication in 12.865 seconds (process running for 13.637)
2026-09-04 10:38:35.245 [RMI TCP Connection(1)-10.69.142.95] INFO  o.a.c.c.C.[Tomcat].[localhost].[/] - Initializing Spring DispatcherServlet 'dispatcherServlet'
2026-09-04 10:38:35.245 [RMI TCP Connection(1)-10.69.142.95] INFO  o.s.web.servlet.DispatcherServlet - Initializing Servlet 'dispatcherServlet'
2026-09-04 10:38:35.247 [RMI TCP Connection(1)-10.69.142.95] INFO  o.s.web.servlet.DispatcherServlet - Completed initialization in 1 ms
2026-09-04 10:38:52.152 [tomcat-handler-0] INFO  m.n.controller.TestController - Login attempt for userAccount: Shengde, password: 5201314
2026-09-04 10:38:52.445 [tomcat-handler-0] INFO  m.n.s.user.impl.UserServiceImpl - UserEntity(id=null, userAccount=null, userId=null, myEmail=null, phone=null, phoneIndex=null, employeeId=null, firstName=null, lastName=null, fullName=null, passwordHash=114514, status=null, lockedUntil=null, passwordExpiresAt=null, failedAttempts=0, myRoles=[], myProfiles={}, myVersion=0, deleted=0, createdAt=null, updatedAt=null, createdBy=null, updatedBy=null, tenantId=null, myKey=null, myKey1=null, myKey2=null, myKey3=null, myKey4=null, myKey5=null, myKey6=null)
2026-09-04 10:38:52.448 [tomcat-handler-0] ERROR m.n.s.user.impl.UserServiceImpl - User's password is 114514
2026-09-04 10:39:54.586 [tomcat-handler-1] INFO  m.n.controller.TestController - Login attempt for userAccount: Shengde, password: 5201314
2026-09-04 10:40:19.506 [tomcat-handler-2] INFO  m.n.s.user.impl.UserServiceImpl - 用户创建成功 | userId=I_Love_U_So | tenantId=1
2026-09-04 10:40:29.086 [tomcat-handler-3] INFO  m.n.controller.TestController - Login attempt for userAccount: Shengde, password: 5201314
2026-09-04 10:40:29.137 [tomcat-handler-3] INFO  m.n.s.user.impl.UserServiceImpl - UserEntity(id=null, userAccount=null, userId=null, myEmail=null, phone=null, phoneIndex=null, employeeId=null, firstName=null, lastName=null, fullName=null, passwordHash=7758521, status=null, lockedUntil=null, passwordExpiresAt=null, failedAttempts=0, myRoles=[], myProfiles={}, myVersion=0, deleted=0, createdAt=null, updatedAt=null, createdBy=null, updatedBy=null, tenantId=null, myKey=null, myKey1=null, myKey2=null, myKey3=null, myKey4=null, myKey5=null, myKey6=null)
2026-09-04 10:40:29.138 [tomcat-handler-3] ERROR m.n.s.user.impl.UserServiceImpl - User's password is 7758521
2026-09-04 10:45:42.609 [tomcat-handler-4] WARN  mu.nothingless.security.jwt.JwtUtil - Token 已过期 | jti=b5e47bf6-4879-43cb-9364-b270401f256c
2026-09-04 10:55:55.782 [restartedMain] INFO  qu.nothingless.MuquApplication - Starting MuquApplication using Java 25.0.1 with PID 33612 (C:\Shengde\Repo\MQ\muqu\target\classes started by yishe1 in C:\Shengde\Repo\MQ)
2026-09-04 10:55:55.785 [restartedMain] INFO  qu.nothingless.MuquApplication - The following 1 profile is active: "dev"
2026-09-04 10:55:56.129 [restartedMain] INFO  o.s.b.d.restart.ChangeableUrls - The Class-Path manifest attribute in C:\Shengde\maven-repo\com\oracle\database\jdbc\ojdbc11\23.9.0.25.07\ojdbc11-23.9.0.25.07.jar referenced one or more files that do not exist: file:/C:/Shengde/maven-repo/com/oracle/database/jdbc/ojdbc11/23.9.0.25.07/oraclepki.jar
2026-09-04 10:55:56.129 [restartedMain] INFO  o.s.b.d.e.DevToolsPropertyDefaultsPostProcessor - Devtools property defaults active! Set 'spring.devtools.add-properties' to 'false' to disable
2026-09-04 10:55:56.129 [restartedMain] INFO  o.s.b.d.e.DevToolsPropertyDefaultsPostProcessor - For additional web related logging consider setting the 'logging.level.web' property to 'DEBUG'
2026-09-04 10:55:58.755 [restartedMain] INFO  o.s.d.r.c.RepositoryConfigurationDelegate - Multiple Spring Data modules found, entering strict repository configuration mode
2026-09-04 10:55:58.758 [restartedMain] INFO  o.s.d.r.c.RepositoryConfigurationDelegate - Bootstrapping Spring Data Redis repositories in DEFAULT mode.
2026-09-04 10:55:58.782 [restartedMain] INFO  o.s.d.r.c.RepositoryConfigurationDelegate - Finished Spring Data repository scanning in 11 ms. Found 0 Redis repository interfaces.
2026-09-04 10:56:00.496 [restartedMain] INFO  o.s.boot.tomcat.TomcatWebServer - Tomcat initialized with port 8081 (http)
2026-09-04 10:56:00.554 [restartedMain] INFO  o.a.catalina.core.StandardService - Starting service [Tomcat]
2026-09-04 10:56:00.556 [restartedMain] INFO  o.a.catalina.core.StandardEngine - Starting Servlet engine: [Apache Tomcat/11.0.22]
2026-09-04 10:56:00.665 [restartedMain] INFO  o.s.b.w.c.s.WebApplicationContextInitializer - Root WebApplicationContext: initialization completed in 4534 ms
2026-09-04 10:56:01.127 [restartedMain] INFO  org.redisson.Version - Redisson 4.7.0
2026-09-04 10:56:01.687 [redisson-netty-1-5] INFO  o.r.connection.ConnectionsHolder - 1 connections initialized for localhost/127.0.0.1:5201
2026-09-04 10:56:01.899 [redisson-netty-1-20] INFO  o.r.connection.ConnectionsHolder - 24 connections initialized for localhost/127.0.0.1:5201
2026-09-04 10:56:03.244 [restartedMain] INFO  c.alibaba.druid.pool.DruidDataSource - {dataSource-1,master} inited
2026-09-04 10:56:03.245 [restartedMain] INFO  c.b.d.d.DynamicRoutingDataSource - dynamic-datasource - add a datasource named [master] success
2026-09-04 10:56:03.245 [restartedMain] INFO  c.b.d.d.DynamicRoutingDataSource - dynamic-datasource initial loaded [1] datasource,primary datasource named [master]
2026-09-04 10:56:03.853 [restartedMain] INFO  o.s.s.c.a.a.c.InitializeUserDetailsBeanManagerConfigurer$InitializeUserDetailsManagerConfigurer - Global AuthenticationManager configured with UserDetailsService bean with name customUserDetailsService
2026-09-04 10:56:04.718 [restartedMain] INFO  c.b.m.s.MybatisPlusApplicationContextAware - Register ApplicationContext instances org.springframework.boot.web.server.servlet.context.AnnotationConfigServletWebServerApplicationContext@140b2ac
2026-09-04 10:56:05.474 [restartedMain] INFO  o.s.s.q.SchedulerFactoryBean$LocalSchedulerFactory - Using default implementation for ThreadExecutor
2026-09-04 10:56:05.487 [restartedMain] INFO  o.quartz.core.SchedulerSignalerImpl - Initialized Scheduler Signaller of type: class org.quartz.core.SchedulerSignalerImpl
2026-09-04 10:56:05.488 [restartedMain] INFO  org.quartz.core.QuartzScheduler - Quartz Scheduler v2.5.2 created.
2026-09-04 10:56:05.490 [restartedMain] INFO  org.quartz.simpl.RAMJobStore - RAMJobStore initialized.
2026-09-04 10:56:05.492 [restartedMain] INFO  org.quartz.core.QuartzScheduler - Scheduler meta-data: Quartz Scheduler (v2.5.2) 'quartzScheduler' with instanceId 'NON_CLUSTERED'
  Scheduler class: 'org.quartz.core.QuartzScheduler' - running locally.
  NOT STARTED.
  Currently in standby mode.
  Number of jobs executed: 0
  Using thread pool 'org.quartz.simpl.SimpleThreadPool' - with 10 threads.
  Using job-store 'org.quartz.simpl.RAMJobStore' - which does not support persistence. and is not clustered.

2026-09-04 10:56:05.492 [restartedMain] INFO  o.s.s.q.SchedulerFactoryBean$LocalSchedulerFactory - Quartz scheduler 'quartzScheduler' initialized from an externally provided properties instance.
2026-09-04 10:56:05.493 [restartedMain] INFO  o.s.s.q.SchedulerFactoryBean$LocalSchedulerFactory - Quartz scheduler version: 2.5.2
2026-09-04 10:56:05.493 [restartedMain] INFO  org.quartz.core.QuartzScheduler - JobFactory set to: org.springframework.scheduling.quartz.SpringBeanJobFactory@1d9f40ad
2026-09-04 10:56:05.872 [restartedMain] INFO  o.s.b.a.e.web.EndpointLinksResolver - Exposing 1 endpoint beneath base path '/actuator'
2026-09-04 10:56:05.969 [restartedMain] INFO  o.s.boot.tomcat.TomcatWebServer - Tomcat started on port 8081 (http) with context path '/'
2026-09-04 10:56:05.972 [restartedMain] INFO  o.s.s.quartz.SchedulerFactoryBean - Starting Quartz Scheduler now
2026-09-04 10:56:05.972 [restartedMain] INFO  org.quartz.core.QuartzScheduler - Scheduler quartzScheduler_$_NON_CLUSTERED started.
2026-09-04 10:56:05.982 [restartedMain] INFO  qu.nothingless.MuquApplication - Started MuquApplication in 11.128 seconds (process running for 11.854)
2026-09-04 10:56:07.568 [RMI TCP Connection(1)-10.69.142.95] INFO  o.a.c.c.C.[Tomcat].[localhost].[/] - Initializing Spring DispatcherServlet 'dispatcherServlet'
2026-09-04 10:56:07.569 [RMI TCP Connection(1)-10.69.142.95] INFO  o.s.web.servlet.DispatcherServlet - Initializing Servlet 'dispatcherServlet'
2026-09-04 10:56:07.571 [RMI TCP Connection(1)-10.69.142.95] INFO  o.s.web.servlet.DispatcherServlet - Completed initialization in 2 ms
2026-09-04 10:56:12.793 [tomcat-handler-0] INFO  m.n.controller.TestController - Login attempt for userAccount: Shengde, password: 5201314
2026-09-04 10:56:13.148 [tomcat-handler-0] INFO  m.n.s.user.impl.UserServiceImpl - UserEntity(id=2095703474135826433, userAccount=Shengde, userId=I_Love_U_So, myEmail=null, phone=13800138000, phoneIndex=ou_urYo_kLrruLi____kv_S_rSYvY_vY, employeeId=null, firstName=null, lastName=null, fullName=null, passwordHash=v1:P35zOMRerInzAAa8:FjUX2QMemTZ7jL7BzkV5RjgIZcmq9j4=, status=ACTIVE, lockedUntil=null, passwordExpiresAt=null, failedAttempts=0, myRoles=[], myProfiles={}, myVersion=0, deleted=0, createdAt=2026-09-04T10:40:19.183675, updatedAt=2026-09-04T10:40:19.183675, createdBy=system, updatedBy=system, tenantId=1, myKey=null, myKey1=null, myKey2=null, myKey3=null, myKey4=null, myKey5=null, myKey6=null)
2026-09-04 10:56:13.149 [tomcat-handler-0] ERROR m.n.s.user.impl.UserServiceImpl - User's password is v1:P35zOMRerInzAAa8:FjUX2QMemTZ7jL7BzkV5RjgIZcmq9j4=
